// Jest Snapshot v1, https://goo.gl/fbAQLP

exports[`Snapshot 1`] = `
{
  "Mappings": {
    "ServerResourcesInstanceAmiMapD7B52D69": {
      "us-east-1": {
        "ami": {
          "Ref": "SsmParameterValueawsservicecanonicalubuntuserverjammystablecurrentarm64hvmebsgp2amiidC96584B6F00A464EAD1953AFF4B05118Parameter",
        },
      },
    },
  },
  "Outputs": {
    "DistributionUrl": {
      "Value": {
        "Fn::GetAtt": [
          "DistributionResourcesDistribution80C53434",
          "DomainName",
        ],
      },
    },
    "PhoneNumber": {
      "Value": {
        "Fn::GetAtt": [
          "VCResourcesphoneNumberChimePhoneNumberpstnCustomResourceDAB55159",
          "phoneNumber",
        ],
      },
    },
  },
  "Parameters": {
    "BootstrapVersion": {
      "Default": "/cdk-bootstrap/hnb659fds/version",
      "Description": "Version of the CDK Bootstrap resources in this environment, automatically retrieved from SSM Parameter Store. [cdk:skip]",
      "Type": "AWS::SSM::Parameter::Value<String>",
    },
    "SsmParameterValueawsservicecanonicalubuntuserverjammystablecurrentarm64hvmebsgp2amiidC96584B6F00A464EAD1953AFF4B05118Parameter": {
      "Default": "/aws/service/canonical/ubuntu/server/jammy/stable/current/arm64/hvm/ebs-gp2/ami-id",
      "Type": "AWS::SSM::Parameter::Value<String>",
    },
  },
  "Resources": {
    "CustomCDKBucketDeployment8693BB64968944B69AAFB0CC9EB8756C512MiB6723FB92": {
      "DependsOn": [
        "CustomCDKBucketDeployment8693BB64968944B69AAFB0CC9EB8756C512MiBServiceRoleDefaultPolicy96C3E726",
        "CustomCDKBucketDeployment8693BB64968944B69AAFB0CC9EB8756C512MiBServiceRoleBA21DBC1",
      ],
      "Properties": {
        "Code": {
          "S3Bucket": {
            "Fn::Sub": "cdk-hnb659fds-assets-\${AWS::AccountId}-\${AWS::Region}",
          },
          "S3Key": "9eb41a5505d37607ac419321497a4f8c21cf0ee1f9b4a6b29aa04301aea5c7fd.zip",
        },
        "Environment": {
          "Variables": {
            "AWS_CA_BUNDLE": "/etc/pki/ca-trust/extracted/pem/tls-ca-bundle.pem",
          },
        },
        "Handler": "index.handler",
        "Layers": [
          {
            "Ref": "ServerResourcesassetBucketDeploymentAwsCliLayer0D02505B",
          },
        ],
        "MemorySize": 512,
        "Role": {
          "Fn::GetAtt": [
            "CustomCDKBucketDeployment8693BB64968944B69AAFB0CC9EB8756C512MiBServiceRoleBA21DBC1",
            "Arn",
          ],
        },
        "Runtime": "python3.9",
        "Timeout": 900,
      },
      "Type": "AWS::Lambda::Function",
    },
    "CustomCDKBucketDeployment8693BB64968944B69AAFB0CC9EB8756C512MiBServiceRoleBA21DBC1": {
      "Properties": {
        "AssumeRolePolicyDocument": {
          "Statement": [
            {
              "Action": "sts:AssumeRole",
              "Effect": "Allow",
              "Principal": {
                "Service": "lambda.amazonaws.com",
              },
            },
          ],
          "Version": "2012-10-17",
        },
        "ManagedPolicyArns": [
          {
            "Fn::Join": [
              "",
              [
                "arn:",
                {
                  "Ref": "AWS::Partition",
                },
                ":iam::aws:policy/service-role/AWSLambdaBasicExecutionRole",
              ],
            ],
          },
        ],
      },
      "Type": "AWS::IAM::Role",
    },
    "CustomCDKBucketDeployment8693BB64968944B69AAFB0CC9EB8756C512MiBServiceRoleDefaultPolicy96C3E726": {
      "Properties": {
        "PolicyDocument": {
          "Statement": [
            {
              "Action": [
                "s3:GetObject*",
                "s3:GetBucket*",
                "s3:List*",
              ],
              "Effect": "Allow",
              "Resource": [
                {
                  "Fn::Join": [
                    "",
                    [
                      "arn:",
                      {
                        "Ref": "AWS::Partition",
                      },
                      ":s3:::",
                      {
                        "Fn::Sub": "cdk-hnb659fds-assets-\${AWS::AccountId}-\${AWS::Region}",
                      },
                    ],
                  ],
                },
                {
                  "Fn::Join": [
                    "",
                    [
                      "arn:",
                      {
                        "Ref": "AWS::Partition",
                      },
                      ":s3:::",
                      {
                        "Fn::Sub": "cdk-hnb659fds-assets-\${AWS::AccountId}-\${AWS::Region}",
                      },
                      "/*",
                    ],
                  ],
                },
              ],
            },
            {
              "Action": [
                "s3:GetObject*",
                "s3:GetBucket*",
                "s3:List*",
                "s3:DeleteObject*",
                "s3:PutObject",
                "s3:PutObjectLegalHold",
                "s3:PutObjectRetention",
                "s3:PutObjectTagging",
                "s3:PutObjectVersionTagging",
                "s3:Abort*",
              ],
              "Effect": "Allow",
              "Resource": [
                {
                  "Fn::GetAtt": [
                    "ServerResourcesassetBucketF3E99D21",
                    "Arn",
                  ],
                },
                {
                  "Fn::Join": [
                    "",
                    [
                      {
                        "Fn::GetAtt": [
                          "ServerResourcesassetBucketF3E99D21",
                          "Arn",
                        ],
                      },
                      "/*",
                    ],
                  ],
                },
              ],
            },
          ],
          "Version": "2012-10-17",
        },
        "PolicyName": "CustomCDKBucketDeployment8693BB64968944B69AAFB0CC9EB8756C512MiBServiceRoleDefaultPolicy96C3E726",
        "Roles": [
          {
            "Ref": "CustomCDKBucketDeployment8693BB64968944B69AAFB0CC9EB8756C512MiBServiceRoleBA21DBC1",
          },
        ],
      },
      "Type": "AWS::IAM::Policy",
    },
    "CustomMediaPipelineResourcesCustomResourceProviderHandler44D83AC9": {
      "DependsOn": [
        "CustomMediaPipelineResourcesCustomResourceProviderRoleEC5C3B1F",
      ],
      "Properties": {
        "Code": {
          "S3Bucket": {
            "Fn::Sub": "cdk-hnb659fds-assets-\${AWS::AccountId}-\${AWS::Region}",
          },
          "S3Key": "9e0be5829172ad1c1adebb739833c2276cf74796b7c81c3a2a5adb7df51650ef.zip",
        },
        "Handler": "__entrypoint__.handler",
        "MemorySize": 128,
        "Role": {
          "Fn::GetAtt": [
            "CustomMediaPipelineResourcesCustomResourceProviderRoleEC5C3B1F",
            "Arn",
          ],
        },
        "Runtime": "nodejs18.x",
        "Timeout": 300,
      },
      "Type": "AWS::Lambda::Function",
    },
    "CustomMediaPipelineResourcesCustomResourceProviderRoleEC5C3B1F": {
      "Properties": {
        "AssumeRolePolicyDocument": {
          "Statement": [
            {
              "Action": "sts:AssumeRole",
              "Effect": "Allow",
              "Principal": {
                "Service": "lambda.amazonaws.com",
              },
            },
          ],
          "Version": "2012-10-17",
        },
        "ManagedPolicyArns": [
          {
            "Fn::Sub": "arn:\${AWS::Partition}:iam::aws:policy/service-role/AWSLambdaBasicExecutionRole",
          },
        ],
        "Policies": [
          {
            "PolicyDocument": {
              "Statement": [
                {
                  "Action": [
                    "chime:*MediaInsightsPipelineConfiguration",
                    "chime:ListVoiceConnectors",
                    "chime:tagResource",
                    "s3:ListBucket",
                    "kinesis:DescribeStream",
                    "lambda:GetPolicy",
                    "lambda:AddPermission",
                    "chime:*",
                  ],
                  "Effect": "Allow",
                  "Resource": "*",
                },
                {
                  "Action": [
                    "iam:PutRolePolicy",
                    "iam:CreateServiceLinkedRole",
                    "iam:PassRole",
                  ],
                  "Effect": "Allow",
                  "Resource": "*",
                },
                {
                  "Action": [
                    "logs:DescribeLogGroups",
                    "logs:CreateLogGroup",
                    "logs:CreateLogStream",
                    "logs:ListLogDeliveries",
                    "logs:CreateLogDelivery",
                    "logs:GetLogDelivery",
                    "logs:DeleteLogDelivery",
                  ],
                  "Effect": "Allow",
                  "Resource": "*",
                },
                {
                  "Action": "ssm:*Parameter*",
                  "Effect": "Allow",
                  "Resource": {
                    "Fn::Join": [
                      "",
                      [
                        "arn:aws:ssm:",
                        {
                          "Ref": "AWS::Region",
                        },
                        ":",
                        {
                          "Ref": "AWS::AccountId",
                        },
                        ":parameter/chime/*",
                      ],
                    ],
                  },
                },
              ],
              "Version": "2012-10-17",
            },
            "PolicyName": "Inline",
          },
        ],
      },
      "Type": "AWS::IAM::Role",
    },
    "CustomPSTNResourcesCustomResourceProviderHandlerD046A72D": {
      "DependsOn": [
        "CustomPSTNResourcesCustomResourceProviderRole536C0E76",
      ],
      "Properties": {
        "Code": {
          "S3Bucket": {
            "Fn::Sub": "cdk-hnb659fds-assets-\${AWS::AccountId}-\${AWS::Region}",
          },
          "S3Key": "dbe1be550cad3176bc39a2ad51044ad674d6b4f0d7dabce112bb5f229bfe455a.zip",
        },
        "Handler": "__entrypoint__.handler",
        "MemorySize": 128,
        "Role": {
          "Fn::GetAtt": [
            "CustomPSTNResourcesCustomResourceProviderRole536C0E76",
            "Arn",
          ],
        },
        "Runtime": "nodejs18.x",
        "Timeout": 300,
      },
      "Type": "AWS::Lambda::Function",
    },
    "CustomPSTNResourcesCustomResourceProviderRole536C0E76": {
      "Properties": {
        "AssumeRolePolicyDocument": {
          "Statement": [
            {
              "Action": "sts:AssumeRole",
              "Effect": "Allow",
              "Principal": {
                "Service": "lambda.amazonaws.com",
              },
            },
          ],
          "Version": "2012-10-17",
        },
        "ManagedPolicyArns": [
          {
            "Fn::Sub": "arn:\${AWS::Partition}:iam::aws:policy/service-role/AWSLambdaBasicExecutionRole",
          },
        ],
        "Policies": [
          {
            "PolicyDocument": {
              "Statement": [
                {
                  "Action": [
                    "chime:CreatePhoneNumberOrder",
                    "chime:CreateSipMediaApplication",
                    "chime:CreateSipRule",
                    "chime:CreateVoiceConnector",
                    "chime:CreateVoiceProfileDomain",
                    "chime:DeletePhoneNumber",
                    "chime:DeleteSipMediaApplication",
                    "chime:DeleteSipRule",
                    "chime:DeleteVoiceConnector",
                    "chime:DeleteVoiceProfileDomain",
                    "chime:GetPhoneNumber",
                    "chime:GetPhoneNumberOrder",
                    "chime:GetSipRule",
                    "chime:ListPhoneNumbers",
                    "chime:PutSipMediaApplicationLoggingConfiguration",
                    "chime:PutVoiceConnectorLoggingConfiguration",
                    "chime:PutVoiceConnectorOrigination",
                    "chime:PutVoiceConnectorStreamingConfiguration",
                    "chime:PutVoiceConnectorTermination",
                    "chime:*MediaInsightsPipelineConfiguration",
                    "chime:SearchAvailablePhoneNumbers",
                    "chime:UpdateSipRule",
                    "chime:AssociatePhoneNumbersWithVoiceConnector",
                    "chime:DisassociatePhoneNumbersFromVoiceConnector",
                  ],
                  "Effect": "Allow",
                  "Resource": "*",
                },
                {
                  "Action": [
                    "logs:DescribeLogGroups",
                    "logs:CreateLogGroup",
                    "logs:CreateLogStream",
                    "logs:ListLogDeliveries",
                    "logs:CreateLogDelivery",
                    "logs:GetLogDelivery",
                    "logs:DeleteLogDelivery",
                  ],
                  "Effect": "Allow",
                  "Resource": "*",
                },
                {
                  "Action": "iam:CreateServiceLinkedRole",
                  "Effect": "Allow",
                  "Resource": "*",
                },
                {
                  "Action": [
                    "lambda:GetPolicy",
                    "lambda:AddPermission",
                  ],
                  "Effect": "Allow",
                  "Resource": "*",
                },
                {
                  "Action": "ssm:*Parameter*",
                  "Effect": "Allow",
                  "Resource": {
                    "Fn::Join": [
                      "",
                      [
                        "arn:aws:ssm:",
                        {
                          "Ref": "AWS::Region",
                        },
                        ":",
                        {
                          "Ref": "AWS::AccountId",
                        },
                        ":parameter/chime/*",
                      ],
                    ],
                  },
                },
              ],
              "Version": "2012-10-17",
            },
            "PolicyName": "Inline",
          },
        ],
      },
      "Type": "AWS::IAM::Role",
    },
    "CustomS3AutoDeleteObjectsCustomResourceProviderHandler9D90184F": {
      "DependsOn": [
        "CustomS3AutoDeleteObjectsCustomResourceProviderRole3B1BD092",
      ],
      "Properties": {
        "Code": {
          "S3Bucket": {
            "Fn::Sub": "cdk-hnb659fds-assets-\${AWS::AccountId}-\${AWS::Region}",
          },
          "S3Key": "b7f33614a69548d6bafe224d751a7ef238cde19097415e553fe8b63a4c8fd8a6.zip",
        },
        "Description": {
          "Fn::Join": [
            "",
            [
              "Lambda function for auto-deleting objects in ",
              {
                "Ref": "ServerResourcesassetBucketF3E99D21",
              },
              " S3 bucket.",
            ],
          ],
        },
        "Handler": "index.handler",
        "MemorySize": 128,
        "Role": {
          "Fn::GetAtt": [
            "CustomS3AutoDeleteObjectsCustomResourceProviderRole3B1BD092",
            "Arn",
          ],
        },
        "Runtime": "nodejs18.x",
        "Timeout": 900,
      },
      "Type": "AWS::Lambda::Function",
    },
    "CustomS3AutoDeleteObjectsCustomResourceProviderRole3B1BD092": {
      "Properties": {
        "AssumeRolePolicyDocument": {
          "Statement": [
            {
              "Action": "sts:AssumeRole",
              "Effect": "Allow",
              "Principal": {
                "Service": "lambda.amazonaws.com",
              },
            },
          ],
          "Version": "2012-10-17",
        },
        "ManagedPolicyArns": [
          {
            "Fn::Sub": "arn:\${AWS::Partition}:iam::aws:policy/service-role/AWSLambdaBasicExecutionRole",
          },
        ],
      },
      "Type": "AWS::IAM::Role",
    },
    "DatabaseResourcescallTableC5E68922": {
      "DeletionPolicy": "Delete",
      "Properties": {
        "AttributeDefinitions": [
          {
            "AttributeName": "transactionId",
            "AttributeType": "S",
          },
          {
            "AttributeName": "timestamp",
            "AttributeType": "N",
          },
        ],
        "BillingMode": "PAY_PER_REQUEST",
        "KeySchema": [
          {
            "AttributeName": "transactionId",
            "KeyType": "HASH",
          },
          {
            "AttributeName": "timestamp",
            "KeyType": "RANGE",
          },
        ],
        "SSESpecification": {
          "SSEEnabled": true,
        },
        "TimeToLiveSpecification": {
          "AttributeName": "TTL",
          "Enabled": true,
        },
      },
      "Type": "AWS::DynamoDB::Table",
      "UpdateReplacePolicy": "Delete",
    },
    "DatabaseResourcesconnectionTable4B78CE15": {
      "DeletionPolicy": "Delete",
      "Properties": {
        "AttributeDefinitions": [
          {
            "AttributeName": "connectionId",
            "AttributeType": "S",
          },
        ],
        "BillingMode": "PAY_PER_REQUEST",
        "KeySchema": [
          {
            "AttributeName": "connectionId",
            "KeyType": "HASH",
          },
        ],
        "SSESpecification": {
          "SSEEnabled": true,
        },
        "TimeToLiveSpecification": {
          "AttributeName": "TTL",
          "Enabled": true,
        },
      },
      "Type": "AWS::DynamoDB::Table",
      "UpdateReplacePolicy": "Delete",
    },
    "DistributionResourcesDistribution80C53434": {
      "Properties": {
        "DistributionConfig": {
          "DefaultCacheBehavior": {
            "CachePolicyId": "4135ea2d-6df8-44a3-9df3-4b5a84be39ad",
            "Compress": true,
            "TargetOriginId": "testDistributionResourcesDistributionOrigin1AB07B588",
            "ViewerProtocolPolicy": "redirect-to-https",
          },
          "DefaultRootObject": "index.html",
          "Enabled": true,
          "HttpVersion": "http2",
          "IPV6Enabled": true,
          "Origins": [
            {
              "CustomOriginConfig": {
                "OriginProtocolPolicy": "http-only",
                "OriginSSLProtocols": [
                  "TLSv1.2",
                ],
              },
              "DomainName": {
                "Fn::GetAtt": [
                  "VPCResourcesApplicationLoadBalancer8B897D2E",
                  "DNSName",
                ],
              },
              "Id": "testDistributionResourcesDistributionOrigin1AB07B588",
            },
          ],
        },
      },
      "Type": "AWS::CloudFront::Distribution",
    },
    "EventBridgeLambdaResourceschimeSdkRuleAllowEventRuletestEventBridgeLambdaResourcessummarizerLambdaDFA191205B673569": {
      "Properties": {
        "Action": "lambda:InvokeFunction",
        "FunctionName": {
          "Fn::GetAtt": [
            "EventBridgeLambdaResourcessummarizerLambdaBBC2E8AA",
            "Arn",
          ],
        },
        "Principal": "events.amazonaws.com",
        "SourceArn": {
          "Fn::GetAtt": [
            "EventBridgeLambdaResourceschimeSdkRuleCE4C499F",
            "Arn",
          ],
        },
      },
      "Type": "AWS::Lambda::Permission",
    },
    "EventBridgeLambdaResourceschimeSdkRuleCE4C499F": {
      "Properties": {
        "EventPattern": {
          "detail-type": [
            "Media Insights State Change",
          ],
          "source": [
            "aws.chime",
          ],
        },
        "State": "ENABLED",
        "Targets": [
          {
            "Arn": {
              "Fn::GetAtt": [
                "EventBridgeLambdaResourcessummarizerLambdaBBC2E8AA",
                "Arn",
              ],
            },
            "Id": "Target0",
          },
        ],
      },
      "Type": "AWS::Events::Rule",
    },
    "EventBridgeLambdaResourcessummarizerLambdaBBC2E8AA": {
      "DependsOn": [
        "EventBridgeLambdaResourcessummarizerLambdaRoleDefaultPolicyD78ABFCC",
        "EventBridgeLambdaResourcessummarizerLambdaRole0F4AA4D4",
      ],
      "Properties": {
        "Architectures": [
          "arm64",
        ],
        "Code": {
          "S3Bucket": {
            "Fn::Sub": "cdk-hnb659fds-assets-\${AWS::AccountId}-\${AWS::Region}",
          },
          "S3Key": "f858fda19d4fda3b5c3c6ab1e616cbc3f28793157a438eb066dd642aefa18f5f.zip",
        },
        "Environment": {
          "Variables": {
            "API_GATEWAY_ENDPOINT": {
              "Fn::Join": [
                "",
                [
                  "https://",
                  {
                    "Ref": "apiGatewayResourceswebSocketApi8624DD60",
                  },
                  ".execute-api.",
                  {
                    "Ref": "AWS::Region",
                  },
                  ".amazonaws.com/dev",
                ],
              ],
            },
            "CONNECTION_TABLE": {
              "Ref": "DatabaseResourcesconnectionTable4B78CE15",
            },
            "KINESIS_DATA_STREAM": {
              "Ref": "KinesisResourceskinesisDataStream0EF13F28",
            },
            "TRANSCRIBE_TABLE": {
              "Ref": "DatabaseResourcescallTableC5E68922",
            },
          },
        },
        "Handler": "index.handler",
        "Role": {
          "Fn::GetAtt": [
            "EventBridgeLambdaResourcessummarizerLambdaRole0F4AA4D4",
            "Arn",
          ],
        },
        "Runtime": "python3.11",
        "Timeout": 60,
      },
      "Type": "AWS::Lambda::Function",
    },
    "EventBridgeLambdaResourcessummarizerLambdaRole0F4AA4D4": {
      "Properties": {
        "AssumeRolePolicyDocument": {
          "Statement": [
            {
              "Action": "sts:AssumeRole",
              "Effect": "Allow",
              "Principal": {
                "Service": "lambda.amazonaws.com",
              },
            },
          ],
          "Version": "2012-10-17",
        },
        "ManagedPolicyArns": [
          {
            "Fn::Join": [
              "",
              [
                "arn:",
                {
                  "Ref": "AWS::Partition",
                },
                ":iam::aws:policy/service-role/AWSLambdaBasicExecutionRole",
              ],
            ],
          },
        ],
        "Policies": [
          {
            "PolicyDocument": {
              "Statement": [
                {
                  "Action": "bedrock:InvokeModel",
                  "Effect": "Allow",
                  "Resource": "*",
                },
              ],
              "Version": "2012-10-17",
            },
            "PolicyName": "sagemakerPolicy",
          },
        ],
      },
      "Type": "AWS::IAM::Role",
    },
    "EventBridgeLambdaResourcessummarizerLambdaRoleDefaultPolicyD78ABFCC": {
      "Properties": {
        "PolicyDocument": {
          "Statement": [
            {
              "Action": [
                "dynamodb:BatchGetItem",
                "dynamodb:GetRecords",
                "dynamodb:GetShardIterator",
                "dynamodb:Query",
                "dynamodb:GetItem",
                "dynamodb:Scan",
                "dynamodb:ConditionCheckItem",
                "dynamodb:BatchWriteItem",
                "dynamodb:PutItem",
                "dynamodb:UpdateItem",
                "dynamodb:DeleteItem",
                "dynamodb:DescribeTable",
              ],
              "Effect": "Allow",
              "Resource": [
                {
                  "Fn::GetAtt": [
                    "DatabaseResourcescallTableC5E68922",
                    "Arn",
                  ],
                },
                {
                  "Ref": "AWS::NoValue",
                },
              ],
            },
            {
              "Action": [
                "kinesis:DescribeStreamSummary",
                "kinesis:GetRecords",
                "kinesis:GetShardIterator",
                "kinesis:ListShards",
                "kinesis:SubscribeToShard",
                "kinesis:DescribeStream",
                "kinesis:ListStreams",
                "kinesis:DescribeStreamConsumer",
                "kinesis:PutRecord",
                "kinesis:PutRecords",
              ],
              "Effect": "Allow",
              "Resource": {
                "Fn::GetAtt": [
                  "KinesisResourceskinesisDataStream0EF13F28",
                  "Arn",
                ],
              },
            },
            {
              "Action": [
                "dynamodb:BatchGetItem",
                "dynamodb:GetRecords",
                "dynamodb:GetShardIterator",
                "dynamodb:Query",
                "dynamodb:GetItem",
                "dynamodb:Scan",
                "dynamodb:ConditionCheckItem",
                "dynamodb:BatchWriteItem",
                "dynamodb:PutItem",
                "dynamodb:UpdateItem",
                "dynamodb:DeleteItem",
                "dynamodb:DescribeTable",
              ],
              "Effect": "Allow",
              "Resource": [
                {
                  "Fn::GetAtt": [
                    "DatabaseResourcesconnectionTable4B78CE15",
                    "Arn",
                  ],
                },
                {
                  "Ref": "AWS::NoValue",
                },
              ],
            },
            {
              "Action": "execute-api:ManageConnections",
              "Effect": "Allow",
              "Resource": {
                "Fn::Join": [
                  "",
                  [
                    "arn:",
                    {
                      "Ref": "AWS::Partition",
                    },
                    ":execute-api:",
                    {
                      "Ref": "AWS::Region",
                    },
                    ":",
                    {
                      "Ref": "AWS::AccountId",
                    },
                    ":",
                    {
                      "Ref": "apiGatewayResourceswebSocketApi8624DD60",
                    },
                    "/dev/*/@connections/*",
                  ],
                ],
              },
            },
            {
              "Action": "execute-api:ManageConnections",
              "Effect": "Allow",
              "Resource": {
                "Fn::Join": [
                  "",
                  [
                    "arn:",
                    {
                      "Ref": "AWS::Partition",
                    },
                    ":execute-api:",
                    {
                      "Ref": "AWS::Region",
                    },
                    ":",
                    {
                      "Ref": "AWS::AccountId",
                    },
                    ":",
                    {
                      "Ref": "apiGatewayResourceswebSocketApi8624DD60",
                    },
                    "/*/*/@connections/*",
                  ],
                ],
              },
            },
          ],
          "Version": "2012-10-17",
        },
        "PolicyName": "EventBridgeLambdaResourcessummarizerLambdaRoleDefaultPolicyD78ABFCC",
        "Roles": [
          {
            "Ref": "EventBridgeLambdaResourcessummarizerLambdaRole0F4AA4D4",
          },
        ],
      },
      "Type": "AWS::IAM::Policy",
    },
    "KinesisResourceskinesisDataStream0EF13F28": {
      "Properties": {
        "RetentionPeriodHours": 24,
        "ShardCount": 1,
      },
      "Type": "AWS::Kinesis::Stream",
    },
    "MediaPipelineResourceskvsRoleEBA0BB3B": {
      "Properties": {
        "AssumeRolePolicyDocument": {
          "Statement": [
            {
              "Action": "sts:AssumeRole",
              "Condition": {
                "ArnLike": {
                  "aws:SourceArn": {
                    "Fn::Join": [
                      "",
                      [
                        "arn:aws:chime:*:",
                        {
                          "Ref": "AWS::AccountId",
                        },
                        ":*",
                      ],
                    ],
                  },
                },
                "StringEquals": {
                  "aws:SourceAccount": {
                    "Ref": "AWS::AccountId",
                  },
                },
              },
              "Effect": "Allow",
              "Principal": {
                "Service": "mediapipelines.chime.amazonaws.com",
              },
            },
          ],
          "Version": "2012-10-17",
        },
        "Policies": [
          {
            "PolicyDocument": {
              "Statement": [
                {
                  "Action": [
                    "transcribe:StartCallAnalyticsStreamTranscription",
                    "transcribe:StartStreamTranscription",
                  ],
                  "Effect": "Allow",
                  "Resource": "*",
                },
                {
                  "Action": [
                    "kinesisvideo:GetDataEndpoint",
                    "kinesisvideo:GetMedia",
                  ],
                  "Effect": "Allow",
                  "Resource": {
                    "Fn::Join": [
                      "",
                      [
                        "arn:aws:kinesisvideo:",
                        {
                          "Ref": "AWS::Region",
                        },
                        ":",
                        {
                          "Ref": "AWS::AccountId",
                        },
                        ":stream/Chime*",
                      ],
                    ],
                  },
                },
                {
                  "Action": [
                    "kinesisvideo:GetDataEndpoint",
                    "kinesisvideo:GetMedia",
                  ],
                  "Condition": {
                    "StringLike": {
                      "aws:ResourceTag/AWSServiceName": "ChimeSDK",
                    },
                  },
                  "Effect": "Allow",
                  "Resource": {
                    "Fn::Join": [
                      "",
                      [
                        "arn:aws:kinesisvideo:",
                        {
                          "Ref": "AWS::Region",
                        },
                        ":",
                        {
                          "Ref": "AWS::AccountId",
                        },
                        ":stream/*",
                      ],
                    ],
                  },
                },
                {
                  "Action": "kms:Decrypt",
                  "Condition": {
                    "StringLike": {
                      "aws:ResourceTag/AWSServiceName": "ChimeSDK",
                    },
                  },
                  "Effect": "Allow",
                  "Resource": {
                    "Fn::Join": [
                      "",
                      [
                        "arn:aws:kms:",
                        {
                          "Ref": "AWS::Region",
                        },
                        ":",
                        {
                          "Ref": "AWS::AccountId",
                        },
                        ":key/*",
                      ],
                    ],
                  },
                },
              ],
              "Version": "2012-10-17",
            },
            "PolicyName": "mediaInsightsPolicy",
          },
          {
            "PolicyDocument": {
              "Statement": [
                {
                  "Action": "kinesis:PutRecord",
                  "Effect": "Allow",
                  "Resource": {
                    "Fn::Join": [
                      "",
                      [
                        "arn:aws:kinesis:",
                        {
                          "Ref": "AWS::Region",
                        },
                        ":",
                        {
                          "Ref": "AWS::AccountId",
                        },
                        ":stream/",
                        {
                          "Ref": "KinesisResourceskinesisDataStream0EF13F28",
                        },
                      ],
                    ],
                  },
                },
                {
                  "Action": "kms:GenerateDataKey",
                  "Condition": {
                    "StringLike": {
                      "aws:ResourceTag/AWSServiceName": "ChimeSDK",
                    },
                  },
                  "Effect": "Allow",
                  "Resource": {
                    "Fn::Join": [
                      "",
                      [
                        "arn:aws:kms:",
                        {
                          "Ref": "AWS::Region",
                        },
                        ":",
                        {
                          "Ref": "AWS::AccountId",
                        },
                        ":key/*",
                      ],
                    ],
                  },
                },
              ],
              "Version": "2012-10-17",
            },
            "PolicyName": "kinesisDataStreamSinkPolicy",
          },
        ],
      },
      "Type": "AWS::IAM::Role",
    },
    "MediaPipelineResourcestranscribeConfigurationmediaPipelinesInsightRequestmediaPipelineCustomResourceD6E12EC3": {
      "DeletionPolicy": "Delete",
      "Properties": {
        "ServiceToken": {
          "Fn::GetAtt": [
            "CustomMediaPipelineResourcesCustomResourceProviderHandler44D83AC9",
            "Arn",
          ],
        },
        "properties": {
          "elements": [
            {
              "amazonTranscribeProcessorConfiguration": {
                "languageCode": "en-US",
              },
              "type": "AmazonTranscribeProcessor",
            },
            {
              "kinesisDataStreamSinkConfiguration": {
                "insightsTarget": {
                  "Fn::GetAtt": [
                    "KinesisResourceskinesisDataStream0EF13F28",
                    "Arn",
                  ],
                },
              },
              "type": "KinesisDataStreamSink",
            },
          ],
          "mediaInsightsPipelineConfigurationName": "RealTimeSummarizer",
          "resourceAccessRoleArn": {
            "Fn::GetAtt": [
              "MediaPipelineResourceskvsRoleEBA0BB3B",
              "Arn",
            ],
          },
        },
        "resourceType": "MediaPipelineInsights",
        "uid": "testMediaPipelineResourcestranscribeConfigurationC7BFE488",
      },
      "Type": "AWS::CloudFormation::CustomResource",
      "UpdateReplacePolicy": "Delete",
    },
    "ServerResourcesEIPAssociationDEB797AD": {
      "Properties": {
        "AllocationId": {
          "Fn::GetAtt": [
            "VPCResourcesserverEipA9C87125",
            "AllocationId",
          ],
        },
        "InstanceId": {
          "Ref": "ServerResourcesInstance6D1E6643c21c8732191237be",
        },
      },
      "Type": "AWS::EC2::EIPAssociation",
    },
    "ServerResourcesInstance6D1E6643c21c8732191237be": {
      "CreationPolicy": {
        "ResourceSignal": {
          "Count": 1,
          "Timeout": "PT10M",
        },
      },
      "DependsOn": [
        "ServerResourcesserverEc2RoleDefaultPolicyE3565BA9",
        "ServerResourcesserverEc2Role496F1C91",
      ],
      "Metadata": {
        "AWS::CloudFormation::Init": {
          "config": {
            "commands": {
              "000": {
                "command": "chmod +x /etc/config_asterisk.sh",
              },
              "001": {
                "command": "/etc/config_asterisk.sh",
              },
            },
            "files": {
              "/etc/asterisk/asterisk.conf": {
                "content": "[options]
runuser = asterisk
rungroup = asterisk",
                "encoding": "plain",
                "group": "root",
                "mode": "000644",
                "owner": "root",
              },
              "/etc/asterisk/extensions.conf": {
                "content": "; extensions.conf - the Asterisk dial plan
[general]
static=yes
writeprotect=no
clearglobalvars=no

[from-voiceConnector]
include => inbound_phone

[from-phone]
include => outbound_phone

[outbound_phone]
exten => _+X.,1,NoOP(Outbound Normal)
same => n,Dial(PJSIP/\\\${EXTEN}@PSTNVoiceConnector,20)
same => n,Congestion

[inbound_phone]
exten => _+X.,1,NoOP(Inbound Call)
same => n,Answer()
same => n,Wait(1)

same => n,Verbose(Get device status \${DEVICE_STATE(PJSIP/agent)})
same => n,GotoIf($[\${DEVICE_STATE(PJSIP/PHONE_NUMBER)}=UNAVAILABLE]?playAudio:callPhone)

same => n(callPhone),NoOp(callPhone)
same => n,Dial(PJSIP/PHONE_NUMBER)
same => n,Hangup()

same => n(playAudio),NoOp(playAudio)
same => n,Playback(/var/lib/asterisk/sounds/en/AGENT_Retail40)
same => n,Hangup()
",
                "encoding": "plain",
                "group": "root",
                "mode": "000644",
                "owner": "root",
              },
              "/etc/asterisk/http.conf": {
                "content": "[general]
enabled=yes
bindaddr=0.0.0.0
bindport=8088
",
                "encoding": "plain",
                "group": "root",
                "mode": "000644",
                "owner": "root",
              },
              "/etc/asterisk/logger.conf": {
                "content": "[general]
[logfiles]
console = verbose,notice,warning,error
messages = notice,warning,error",
                "encoding": "plain",
                "group": "root",
                "mode": "000644",
                "owner": "root",
              },
              "/etc/asterisk/modules.conf": {
                "content": "[modules]
autoload = no

load = app_bridgewait.so
load = app_dial.so
load = app_playback.so
load = app_stack.so
load = app_verbose.so
load = app_voicemail.so
load = app_directory.so
load = app_confbridge.so
load = app_queue.so
load = app_echo.so
load = app_while.so
load = app_read.so

; Bridging

load = bridge_builtin_features.so
load = bridge_builtin_interval_features.so
load = bridge_holding.so
load = bridge_native_rtp.so
load = bridge_simple.so
load = bridge_softmix.so

; Call Detail Records

load = cdr_custom.so

; Channel Drivers

load = chan_bridge_media.so
load = chan_pjsip.so

; Codecs

load = codec_gsm.so
load = codec_resample.so
load = codec_ulaw.so
load = codec_g722.so

; Formats

load = format_gsm.so
load = format_pcm.so
load = format_wav_gsm.so
load = format_wav.so

; Functions

load = func_callerid.so
load = func_cdr.so
load = func_pjsip_endpoint.so
load = func_sorcery.so
load = func_devstate.so
load = func_strings.so
load = func_cut.so
load = func_rand.so
load = func_shell.so
load = func_env.so

; Core/PBX

load = pbx_config.so

; Resources

load = res_http_websocket.so
load = res_crypto.so
load = res_musiconhold.so
load = res_pjproject.so
load = res_pjsip_acl.so
load = res_pjsip_authenticator_digest.so
load = res_pjsip_caller_id.so
load = res_pjsip_dialog_info_body_generator.so
load = res_pjsip_diversion.so
load = res_pjsip_dtmf_info.so
load = res_pjsip_endpoint_identifier_anonymous.so
load = res_pjsip_endpoint_identifier_ip.so
load = res_pjsip_endpoint_identifier_user.so
load = res_pjsip_exten_state.so
load = res_pjsip_header_funcs.so
load = res_pjsip_logger.so
load = res_pjsip_messaging.so
load = res_pjsip_mwi_body_generator.so
load = res_pjsip_mwi.so
load = res_pjsip_nat.so
load = res_pjsip_notify.so
load = res_pjsip_one_touch_record_info.so
load = res_pjsip_outbound_authenticator_digest.so
load = res_pjsip_outbound_publish.so
load = res_pjsip_outbound_registration.so
load = res_pjsip_path.so
load = res_pjsip_pidf_body_generator.so
load = res_pjsip_pidf_digium_body_supplement.so
load = res_pjsip_pidf_eyebeam_body_supplement.so
load = res_pjsip_publish_asterisk.so
load = res_pjsip_pubsub.so
load = res_pjsip_refer.so
load = res_pjsip_registrar.so
load = res_pjsip_rfc3326.so
load = res_pjsip_sdp_rtp.so
load = res_pjsip_send_to_voicemail.so
load = res_pjsip_session.so
load = res_pjsip.so
load = res_pjsip_t38.so
load = res_pjsip_transport_websocket.so
load = res_pjsip_xpidf_body_generator.so
load = res_rtp_asterisk.so
load = res_sorcery_astdb.so
load = res_sorcery_config.so
load = res_sorcery_memory.so
load = res_sorcery_realtime.so
load = res_timing_timerfd.so
load = res_pjsip_transport_websocket.so
load = res_http_websocket.so
load = res_srtp.so

; Do not load res_hep and kin unless you are using HEP monitoring
; <http://sipcapture.org> in your network.

noload = res_hep.so
noload = res_hep_pjsip.so
noload = res_hep_rtcp.so",
                "encoding": "plain",
                "group": "root",
                "mode": "000644",
                "owner": "root",
              },
              "/etc/asterisk/pjsip.conf": {
                "content": "[udp]
type=transport
protocol=udp
bind=0.0.0.0
external_media_address=PUBLIC_IP
external_signaling_address=PUBLIC_IP
allow_reload=yes

[PSTNVoiceConnector]
type=endpoint
context=from-voiceConnector
transport=udp
disallow=all
allow=ulaw
aors=PSTNVoiceConnector
direct_media=no
ice_support=yes
force_rport=yes

[PSTNVoiceConnector]
type=identify
endpoint=PSTNVoiceConnector
match=VOICE_CONNECTOR.voiceconnector.chime.aws

[PSTNVoiceConnector]
type=aor
contact=sip:VOICE_CONNECTOR.voiceconnector.chime.aws
qualify_frequency=30

[PHONE_NUMBER]
type=endpoint
aors=PHONE_NUMBER
auth=PHONE_NUMBER
transport=udp
context=from-phone
disallow=all
allow=ulaw

[PHONE_NUMBER]
type=auth
auth_type=userpass
username=PHONE_NUMBER
password=INSTANCE_ID

[PHONE_NUMBER]
type=aor
max_contacts=5

",
                "encoding": "plain",
                "group": "root",
                "mode": "000644",
                "owner": "root",
              },
              "/etc/asterisk/rtp.conf": {
                "content": "[general]

stunaddr=stun.kinesisvideo.us-east-1.amazonaws.com:443",
                "encoding": "plain",
                "group": "root",
                "mode": "000644",
                "owner": "root",
              },
              "/etc/config.json": {
                "content": {
                  "IP": {
                    "Ref": "VPCResourcesserverEipA9C87125",
                  },
                  "PHONE_NUMBER": {
                    "Fn::GetAtt": [
                      "VCResourcesphoneNumberChimePhoneNumberpstnCustomResourceDAB55159",
                      "phoneNumber",
                    ],
                  },
                  "REGION": {
                    "Ref": "AWS::Region",
                  },
                  "VOICE_CONNECTOR": {
                    "Fn::GetAtt": [
                      "VCResourcesvoiceConnectorvoiceConnectorRequestpstnCustomResource008AEA05",
                      "voiceConnectorId",
                    ],
                  },
                },
                "group": "root",
                "mode": "000644",
                "owner": "root",
              },
              "/etc/config_asterisk.sh": {
                "content": "#!/bin/bash -xe

PUBLIC_IP=$( jq -r '.IP' /etc/config.json )
VOICE_CONNECTOR=$( jq -r '.VOICE_CONNECTOR' /etc/config.json )
PHONE_NUMBER=$( jq -r '.PHONE_NUMBER' /etc/config.json )
TOKEN=\`curl -X PUT "http://169.254.169.254/latest/api/token" -H "X-aws-ec2-metadata-token-ttl-seconds: 21600"\`
INSTANCE_ID=$( curl -H "X-aws-ec2-metadata-token: $TOKEN" -v http://169.254.169.254/latest/meta-data/instance-id )

sed -i "s/PUBLIC_IP/$PUBLIC_IP/g" /etc/asterisk/pjsip.conf
sed -i "s/VOICE_CONNECTOR/\${VOICE_CONNECTOR}/g" /etc/asterisk/pjsip.conf
sed -i "s/PHONE_NUMBER/$PHONE_NUMBER/g" /etc/asterisk/extensions.conf
sed -i "s/PHONE_NUMBER/$PHONE_NUMBER/g" /etc/asterisk/pjsip.conf
sed -i "s/INSTANCE_ID/$INSTANCE_ID/g" /etc/asterisk/pjsip.conf 

echo "VOICE_CONNECTOR: \${VOICE_CONNECTOR}"
echo "PHONE_NUMBER: \${PHONE_NUMBER}"
echo "INSTANCE_ID: \${INSTANCE_ID}"


aws chime put-voice-connector-origination --voice-connector-id \${VOICE_CONNECTOR} --origination '{"Routes": [{"Host": "'\${PUBLIC_IP}'","Port": 5060,"Protocol": "UDP","Priority": 1,"Weight": 1}],"Disabled": false}'
aws chime put-voice-connector-termination --voice-connector-id \${VOICE_CONNECTOR} --termination '{"CpsLimit": 1, "CallingRegions": ["US"], "CidrAllowedList": ["'\${PUBLIC_IP}'/32"], "Disabled": false}'


usermod -aG audio,dialout asterisk
chown -R asterisk.asterisk /etc/asterisk
chown -R asterisk.asterisk /var/{lib,log,spool}/asterisk

echo '0 * * * * /sbin/asterisk -rx "core reload"' > /etc/asterisk/crontab.txt 
crontab /etc/asterisk/crontab.txt

systemctl restart asterisk
/sbin/asterisk -rx "core reload"

cd /home/ubuntu/site
yarn && yarn run build
systemctl enable nginx
systemctl restart nginx",
                "encoding": "plain",
                "group": "root",
                "mode": "000644",
                "owner": "root",
              },
              "/etc/nginx/sites-available/default": {
                "content": "server {
    listen 80 default_server;
    listen [::]:80 default_server;

    root /var/www/html;
    index index.html;

    server_name _;

    location / {
        try_files $uri $uri/ /index.html;
    }

    location /healthcheck {
        access_log off;
        return 200;
    }

    location ~* \\.(?:ico|css|js|gif|jpe?g|png)$ {
        expires max;
        add_header Cache-Control "public, must-revalidate, proxy-revalidate";
        try_files $uri =404;
    }
}",
                "encoding": "plain",
                "group": "root",
                "mode": "000644",
                "owner": "root",
              },
              "/home/ubuntu/site/.env": {
                "content": {
                  "Fn::Join": [
                    "",
                    [
                      "WEBSOCKET_URL=wss://",
                      {
                        "Ref": "apiGatewayResourceswebSocketApi8624DD60",
                      },
                      ".execute-api.",
                      {
                        "Ref": "AWS::Region",
                      },
                      ".amazonaws.com/dev

PHONE_NUMBER=",
                      {
                        "Fn::GetAtt": [
                          "VCResourcesphoneNumberChimePhoneNumberpstnCustomResourceDAB55159",
                          "phoneNumber",
                        ],
                      },
                    ],
                  ],
                },
                "encoding": "plain",
                "group": "root",
                "mode": "000644",
                "owner": "root",
              },
            },
          },
          "configSets": {
            "default": [
              "config",
            ],
          },
        },
      },
      "Properties": {
        "AvailabilityZone": {
          "Fn::Select": [
            0,
            {
              "Fn::GetAZs": "",
            },
          ],
        },
        "IamInstanceProfile": {
          "Ref": "ServerResourcesInstanceInstanceProfile79B1D0E5",
        },
        "ImageId": {
          "Fn::FindInMap": [
            "ServerResourcesInstanceAmiMapD7B52D69",
            {
              "Ref": "AWS::Region",
            },
            "ami",
          ],
        },
        "InstanceType": "t4g.medium",
        "SecurityGroupIds": [
          {
            "Fn::GetAtt": [
              "ServerResourcesInstanceInstanceSecurityGroupA1F64579",
              "GroupId",
            ],
          },
          {
            "Fn::GetAtt": [
              "VPCResourcesServerSecurityGroup9210B7F0",
              "GroupId",
            ],
          },
          {
            "Fn::GetAtt": [
              "VPCResourcesALBSecurityGroupBA6016ED",
              "GroupId",
            ],
          },
          {
            "Fn::GetAtt": [
              "VPCResourcesSSHSecurityGroupEABB5EC4",
              "GroupId",
            ],
          },
        ],
        "SubnetId": {
          "Ref": "VPCResourcesVPCServerPublicSubnet1SubnetBD1933BB",
        },
        "Tags": [
          {
            "Key": "Name",
            "Value": "test/ServerResources/Instance",
          },
        ],
        "UserData": {
          "Fn::Base64": {
            "Fn::Join": [
              "",
              [
                "#!/bin/bash
apt-get update
apt-get install -y ca-certificates curl gnupg
while fuser /var/lib/dpkg/lock >/dev/null 2>&1 ; do sleep 1 ; done
mkdir -p /etc/apt/keyrings
curl -fsSL https://deb.nodesource.com/gpgkey/nodesource-repo.gpg.key | sudo gpg --dearmor -o /etc/apt/keyrings/nodesource.gpg
NODE_MAJOR=18
echo "deb [signed-by=/etc/apt/keyrings/nodesource.gpg] https://deb.nodesource.com/node_$NODE_MAJOR.x nodistro main" | sudo tee /etc/apt/sources.list.d/nodesource.list
apt-get update
while fuser /var/lib/dpkg/lock >/dev/null 2>&1 ; do sleep 1 ; done
apt-get install -y python3-pip unzip jq asterisk nodejs nginx
while fuser /var/lib/dpkg/lock >/dev/null 2>&1 ; do sleep 1 ; done
corepack enable
mkdir -p /var/lib/asterisk/sounds/en
mkdir -p /opt/aws/bin
pip3 install https://s3.amazonaws.com/cloudformation-examples/aws-cfn-bootstrap-py3-latest.tar.gz
ln -s /root/aws-cfn-bootstrap-latest/init/ubuntu/cfn-hup /etc/init.d/cfn-hup
ln -s /usr/local/bin/cfn-* /opt/aws/bin/
curl "https://awscli.amazonaws.com/awscli-exe-linux-aarch64.zip" -o "awscliv2.zip"
unzip -q awscliv2.zip
./aws/install
echo AWS CLI installed
aws s3 cp s3://",
                {
                  "Ref": "ServerResourcesassetBucketF3E99D21",
                },
                "/audio/AGENT_Retail40.wav /var/lib/asterisk/sounds/en/AGENT_Retail40.wav
echo Audio files copied
mkdir -p /home/ubuntu/site
aws s3 cp s3://",
                {
                  "Ref": "ServerResourcesassetBucketF3E99D21",
                },
                "/site /home/ubuntu/site --recursive
usermod -a -G www-data ubuntu
echo Launch time: 11/6/2023, 12:53:08 AM
# fingerprint: d5a8e1b0b110e99b
(
  set +e
  /opt/aws/bin/cfn-init -v --region ",
                {
                  "Ref": "AWS::Region",
                },
                " --stack ",
                {
                  "Ref": "AWS::StackName",
                },
                " --resource ServerResourcesInstance6D1E6643c21c8732191237be --url https://cloudformation.",
                {
                  "Ref": "AWS::Region",
                },
                ".",
                {
                  "Ref": "AWS::URLSuffix",
                },
                " --role ",
                {
                  "Ref": "ServerResourcesserverEc2Role496F1C91",
                },
                " -c default
  /opt/aws/bin/cfn-signal -e $? --region ",
                {
                  "Ref": "AWS::Region",
                },
                " --stack ",
                {
                  "Ref": "AWS::StackName",
                },
                " --resource ServerResourcesInstance6D1E6643c21c8732191237be --url https://cloudformation.",
                {
                  "Ref": "AWS::Region",
                },
                ".",
                {
                  "Ref": "AWS::URLSuffix",
                },
                " --role ",
                {
                  "Ref": "ServerResourcesserverEc2Role496F1C91",
                },
                "
  cat /var/log/cfn-init.log >&2
)",
              ],
            ],
          },
        },
      },
      "Type": "AWS::EC2::Instance",
    },
    "ServerResourcesInstanceInstanceProfile79B1D0E5": {
      "Properties": {
        "Roles": [
          {
            "Ref": "ServerResourcesserverEc2Role496F1C91",
          },
        ],
      },
      "Type": "AWS::IAM::InstanceProfile",
    },
    "ServerResourcesInstanceInstanceSecurityGroupA1F64579": {
      "Properties": {
        "GroupDescription": "test/ServerResources/Instance/InstanceSecurityGroup",
        "SecurityGroupEgress": [
          {
            "CidrIp": "0.0.0.0/0",
            "Description": "Allow all outbound traffic by default",
            "IpProtocol": "-1",
          },
        ],
        "Tags": [
          {
            "Key": "Name",
            "Value": "test/ServerResources/Instance",
          },
        ],
        "VpcId": {
          "Ref": "VPCResourcesVPC89517325",
        },
      },
      "Type": "AWS::EC2::SecurityGroup",
    },
    "ServerResourcesassetBucketAutoDeleteObjectsCustomResource4155873D": {
      "DeletionPolicy": "Delete",
      "DependsOn": [
        "ServerResourcesassetBucketPolicy3D8DAAC5",
      ],
      "Properties": {
        "BucketName": {
          "Ref": "ServerResourcesassetBucketF3E99D21",
        },
        "ServiceToken": {
          "Fn::GetAtt": [
            "CustomS3AutoDeleteObjectsCustomResourceProviderHandler9D90184F",
            "Arn",
          ],
        },
      },
      "Type": "Custom::S3AutoDeleteObjects",
      "UpdateReplacePolicy": "Delete",
    },
    "ServerResourcesassetBucketDeploymentAwsCliLayer0D02505B": {
      "Properties": {
        "Content": {
          "S3Bucket": {
            "Fn::Sub": "cdk-hnb659fds-assets-\${AWS::AccountId}-\${AWS::Region}",
          },
          "S3Key": "3fb6287214999ddeafa7cd0e3e58bc5144c8678bb720f3b5e45e8fd32f333eb3.zip",
        },
        "Description": "/opt/awscli/aws",
      },
      "Type": "AWS::Lambda::LayerVersion",
    },
    "ServerResourcesassetBucketDeploymentCustomResource512MiBBBA52578": {
      "DeletionPolicy": "Delete",
      "Properties": {
        "DestinationBucketName": {
          "Ref": "ServerResourcesassetBucketF3E99D21",
        },
        "Prune": true,
        "RetainOnDelete": false,
        "ServiceToken": {
          "Fn::GetAtt": [
            "CustomCDKBucketDeployment8693BB64968944B69AAFB0CC9EB8756C512MiB6723FB92",
            "Arn",
          ],
        },
        "SourceBucketNames": [
          {
            "Fn::Sub": "cdk-hnb659fds-assets-\${AWS::AccountId}-\${AWS::Region}",
          },
        ],
        "SourceObjectKeys": [
          "8532278ba76eb8680e596aa05815a860b04e276b19210eb2daeda657d300cec3.zip",
        ],
      },
      "Type": "Custom::CDKBucketDeployment",
      "UpdateReplacePolicy": "Delete",
    },
    "ServerResourcesassetBucketF3E99D21": {
      "DeletionPolicy": "Delete",
      "Properties": {
        "OwnershipControls": {
          "Rules": [
            {
              "ObjectOwnership": "BucketOwnerPreferred",
            },
          ],
        },
        "Tags": [
          {
            "Key": "aws-cdk:auto-delete-objects",
            "Value": "true",
          },
          {
            "Key": "aws-cdk:cr-owned:c1cd23d1",
            "Value": "true",
          },
        ],
      },
      "Type": "AWS::S3::Bucket",
      "UpdateReplacePolicy": "Delete",
    },
    "ServerResourcesassetBucketPolicy3D8DAAC5": {
      "Properties": {
        "Bucket": {
          "Ref": "ServerResourcesassetBucketF3E99D21",
        },
        "PolicyDocument": {
          "Statement": [
            {
              "Action": [
                "s3:PutBucketPolicy",
                "s3:GetBucket*",
                "s3:List*",
                "s3:DeleteObject*",
              ],
              "Effect": "Allow",
              "Principal": {
                "AWS": {
                  "Fn::GetAtt": [
                    "CustomS3AutoDeleteObjectsCustomResourceProviderRole3B1BD092",
                    "Arn",
                  ],
                },
              },
              "Resource": [
                {
                  "Fn::GetAtt": [
                    "ServerResourcesassetBucketF3E99D21",
                    "Arn",
                  ],
                },
                {
                  "Fn::Join": [
                    "",
                    [
                      {
                        "Fn::GetAtt": [
                          "ServerResourcesassetBucketF3E99D21",
                          "Arn",
                        ],
                      },
                      "/*",
                    ],
                  ],
                },
              ],
            },
          ],
          "Version": "2012-10-17",
        },
      },
      "Type": "AWS::S3::BucketPolicy",
    },
    "ServerResourcesserverEc2Role496F1C91": {
      "Properties": {
        "AssumeRolePolicyDocument": {
          "Statement": [
            {
              "Action": "sts:AssumeRole",
              "Effect": "Allow",
              "Principal": {
                "Service": "ec2.amazonaws.com",
              },
            },
          ],
          "Version": "2012-10-17",
        },
        "ManagedPolicyArns": [
          {
            "Fn::Join": [
              "",
              [
                "arn:",
                {
                  "Ref": "AWS::Partition",
                },
                ":iam::aws:policy/AmazonSSMManagedInstanceCore",
              ],
            ],
          },
        ],
        "Policies": [
          {
            "PolicyDocument": {
              "Statement": [
                {
                  "Action": "chime:*",
                  "Effect": "Allow",
                  "Resource": "*",
                },
              ],
              "Version": "2012-10-17",
            },
            "PolicyName": "chimePolicy",
          },
        ],
      },
      "Type": "AWS::IAM::Role",
    },
    "ServerResourcesserverEc2RoleDefaultPolicyE3565BA9": {
      "Properties": {
        "PolicyDocument": {
          "Statement": [
            {
              "Action": [
                "s3:GetObject*",
                "s3:GetBucket*",
                "s3:List*",
                "s3:DeleteObject*",
                "s3:PutObject",
                "s3:PutObjectLegalHold",
                "s3:PutObjectRetention",
                "s3:PutObjectTagging",
                "s3:PutObjectVersionTagging",
                "s3:Abort*",
              ],
              "Effect": "Allow",
              "Resource": [
                {
                  "Fn::GetAtt": [
                    "ServerResourcesassetBucketF3E99D21",
                    "Arn",
                  ],
                },
                {
                  "Fn::Join": [
                    "",
                    [
                      {
                        "Fn::GetAtt": [
                          "ServerResourcesassetBucketF3E99D21",
                          "Arn",
                        ],
                      },
                      "/*",
                    ],
                  ],
                },
              ],
            },
            {
              "Action": [
                "cloudformation:DescribeStackResource",
                "cloudformation:SignalResource",
              ],
              "Effect": "Allow",
              "Resource": {
                "Ref": "AWS::StackId",
              },
            },
          ],
          "Version": "2012-10-17",
        },
        "PolicyName": "ServerResourcesserverEc2RoleDefaultPolicyE3565BA9",
        "Roles": [
          {
            "Ref": "ServerResourcesserverEc2Role496F1C91",
          },
        ],
      },
      "Type": "AWS::IAM::Policy",
    },
    "ServerResourcestargetGroup298F374B": {
      "Properties": {
        "HealthCheckPath": "/healthcheck",
        "HealthCheckProtocol": "HTTP",
        "Port": 80,
        "Protocol": "HTTP",
        "TargetGroupAttributes": [
          {
            "Key": "stickiness.enabled",
            "Value": "false",
          },
        ],
        "TargetType": "instance",
        "Targets": [
          {
            "Id": {
              "Ref": "ServerResourcesInstance6D1E6643c21c8732191237be",
            },
          },
        ],
        "VpcId": {
          "Ref": "VPCResourcesVPC89517325",
        },
      },
      "Type": "AWS::ElasticLoadBalancingV2::TargetGroup",
    },
    "VCResourcesphoneNumberChimePhoneNumberpstnCustomResourceDAB55159": {
      "DeletionPolicy": "Delete",
      "Properties": {
        "ServiceToken": {
          "Fn::GetAtt": [
            "CustomPSTNResourcesCustomResourceProviderHandlerD046A72D",
            "Arn",
          ],
        },
        "properties": {
          "phoneCountry": "US",
          "phoneNumberType": "Local",
          "phoneProductType": "VoiceConnector",
          "phoneState": "AZ",
        },
        "resourceType": "PhoneNumber",
        "uid": "testVCResourcesphoneNumber5FF8813C",
      },
      "Type": "Custom::PSTNResources",
      "UpdateReplacePolicy": "Delete",
    },
    "VCResourcesphoneNumberphoneAssociationpstnCustomResourceC02434DB": {
      "DeletionPolicy": "Delete",
      "Properties": {
        "ServiceToken": {
          "Fn::GetAtt": [
            "CustomPSTNResourcesCustomResourceProviderHandlerD046A72D",
            "Arn",
          ],
        },
        "properties": {
          "e164PhoneNumber": {
            "Fn::GetAtt": [
              "VCResourcesphoneNumberChimePhoneNumberpstnCustomResourceDAB55159",
              "phoneNumber",
            ],
          },
          "voiceConnectorId": {
            "Fn::GetAtt": [
              "VCResourcesvoiceConnectorvoiceConnectorRequestpstnCustomResource008AEA05",
              "voiceConnectorId",
            ],
          },
        },
        "resourceType": "PhoneAssociation",
        "uid": "testVCResourcesphoneNumber5FF8813C",
      },
      "Type": "Custom::PSTNResources",
      "UpdateReplacePolicy": "Delete",
    },
    "VCResourcesvoiceConnectorvoiceConnectorRequestpstnCustomResource008AEA05": {
      "DeletionPolicy": "Delete",
      "Properties": {
        "ServiceToken": {
          "Fn::GetAtt": [
            "CustomPSTNResourcesCustomResourceProviderHandlerD046A72D",
            "Arn",
          ],
        },
        "properties": {
          "encryption": false,
          "name": "testVCResourcesvoiceConnector7C89A135",
          "region": {
            "Ref": "AWS::Region",
          },
          "streaming": {
            "dataRetention": 24,
            "enabled": true,
            "mediaInsightsConfiguration": {
              "configurationArn": {
                "Fn::GetAtt": [
                  "MediaPipelineResourcestranscribeConfigurationmediaPipelinesInsightRequestmediaPipelineCustomResourceD6E12EC3",
                  "MediaInsightsPipelineConfigurationArn",
                ],
              },
              "disabled": false,
            },
            "notificationTargets": [
              "EventBridge",
            ],
          },
          "termination": {
            "callingRegions": [
              "US",
            ],
            "terminationCidrs": [
              "198.51.100.0/27",
            ],
          },
        },
        "resourceType": "VoiceConnector",
        "uid": "testVCResourcesvoiceConnector7C89A135",
      },
      "Type": "Custom::PSTNResources",
      "UpdateReplacePolicy": "Delete",
    },
    "VPCResourcesALBSecurityGroupBA6016ED": {
      "Properties": {
        "GroupDescription": "Security Group for ALB",
        "SecurityGroupEgress": [
          {
            "CidrIp": "0.0.0.0/0",
            "Description": "Allow all outbound traffic by default",
            "IpProtocol": "-1",
          },
        ],
        "SecurityGroupIngress": [
          {
            "CidrIp": "0.0.0.0/0",
            "Description": "from 0.0.0.0/0:80",
            "FromPort": 80,
            "IpProtocol": "tcp",
            "ToPort": 80,
          },
        ],
        "VpcId": {
          "Ref": "VPCResourcesVPC89517325",
        },
      },
      "Type": "AWS::EC2::SecurityGroup",
    },
    "VPCResourcesApplicationLoadBalancer8B897D2E": {
      "DependsOn": [
        "VPCResourcesVPCServerPublicSubnet1DefaultRoute5FFEFA2B",
        "VPCResourcesVPCServerPublicSubnet1RouteTableAssociation739BF4B9",
        "VPCResourcesVPCServerPublicSubnet2DefaultRoute3DFFC6FB",
        "VPCResourcesVPCServerPublicSubnet2RouteTableAssociation98A1D7C3",
      ],
      "Properties": {
        "LoadBalancerAttributes": [
          {
            "Key": "deletion_protection.enabled",
            "Value": "false",
          },
        ],
        "Scheme": "internet-facing",
        "SecurityGroups": [
          {
            "Fn::GetAtt": [
              "VPCResourcesALBSecurityGroupBA6016ED",
              "GroupId",
            ],
          },
        ],
        "Subnets": [
          {
            "Ref": "VPCResourcesVPCServerPublicSubnet1SubnetBD1933BB",
          },
          {
            "Ref": "VPCResourcesVPCServerPublicSubnet2Subnet87CFAE90",
          },
        ],
        "Type": "application",
      },
      "Type": "AWS::ElasticLoadBalancingV2::LoadBalancer",
    },
    "VPCResourcesApplicationLoadBalancerhttpListener5F903A35": {
      "Properties": {
        "DefaultActions": [
          {
            "TargetGroupArn": {
              "Ref": "ServerResourcestargetGroup298F374B",
            },
            "Type": "forward",
          },
        ],
        "LoadBalancerArn": {
          "Ref": "VPCResourcesApplicationLoadBalancer8B897D2E",
        },
        "Port": 80,
        "Protocol": "HTTP",
      },
      "Type": "AWS::ElasticLoadBalancingV2::Listener",
    },
    "VPCResourcesSSHSecurityGroupEABB5EC4": {
      "Properties": {
        "GroupDescription": "Security Group for SSH",
        "SecurityGroupEgress": [
          {
            "CidrIp": "0.0.0.0/0",
            "Description": "Allow all outbound traffic by default",
            "IpProtocol": "-1",
          },
        ],
        "SecurityGroupIngress": [
          {
            "CidrIp": "0.0.0.0/0",
            "Description": "from 0.0.0.0/0:22",
            "FromPort": 22,
            "IpProtocol": "tcp",
            "ToPort": 22,
          },
          {
            "CidrIp": "0.0.0.0/0",
            "Description": "from 0.0.0.0/0:3000",
            "FromPort": 3000,
            "IpProtocol": "tcp",
            "ToPort": 3000,
          },
        ],
        "VpcId": {
          "Ref": "VPCResourcesVPC89517325",
        },
      },
      "Type": "AWS::EC2::SecurityGroup",
    },
    "VPCResourcesServerSecurityGroup9210B7F0": {
      "Properties": {
        "GroupDescription": "Security Group for Asterisk Instance",
        "SecurityGroupEgress": [
          {
            "CidrIp": "0.0.0.0/0",
            "Description": "Allow all outbound traffic by default",
            "IpProtocol": "-1",
          },
        ],
        "SecurityGroupIngress": [
          {
            "CidrIp": "3.80.16.0/23",
            "Description": "Allow Chime Voice Connector Signaling Access",
            "FromPort": 5060,
            "IpProtocol": "udp",
            "ToPort": 5060,
          },
          {
            "CidrIp": "3.80.16.0/23",
            "Description": "Allow Chime Voice Connector Signaling Access",
            "FromPort": 5060,
            "IpProtocol": "tcp",
            "ToPort": 5060,
          },
          {
            "CidrIp": "99.77.253.0/24",
            "Description": "Allow Chime Voice Connector Signaling Access",
            "FromPort": 5060,
            "IpProtocol": "udp",
            "ToPort": 5060,
          },
          {
            "CidrIp": "99.77.253.0/24",
            "Description": "Allow Chime Voice Connector Signaling Access",
            "FromPort": 5060,
            "IpProtocol": "tcp",
            "ToPort": 5060,
          },
          {
            "CidrIp": "99.77.253.0/24",
            "Description": "Allow Chime Voice Connector Signaling Access",
            "FromPort": 5000,
            "IpProtocol": "udp",
            "ToPort": 65000,
          },
          {
            "CidrIp": "3.80.16.0/23",
            "Description": "Allow Chime Voice Connector Media Access",
            "FromPort": 5000,
            "IpProtocol": "udp",
            "ToPort": 65000,
          },
          {
            "CidrIp": "52.55.62.128/25",
            "Description": "Allow Chime Voice Connector Media Access",
            "FromPort": 1024,
            "IpProtocol": "udp",
            "ToPort": 65535,
          },
          {
            "CidrIp": "52.55.63.0/25",
            "Description": "Allow Chime Voice Connector Media Access",
            "FromPort": 1024,
            "IpProtocol": "udp",
            "ToPort": 65535,
          },
          {
            "CidrIp": "34.212.95.128/25",
            "Description": "Allow Chime Voice Connector Media Access",
            "FromPort": 1024,
            "IpProtocol": "udp",
            "ToPort": 65535,
          },
          {
            "CidrIp": "34.223.21.0/25",
            "Description": "Allow Chime Voice Connector Media Access",
            "FromPort": 1024,
            "IpProtocol": "udp",
            "ToPort": 65535,
          },
        ],
        "VpcId": {
          "Ref": "VPCResourcesVPC89517325",
        },
      },
      "Type": "AWS::EC2::SecurityGroup",
    },
    "VPCResourcesVPC89517325": {
      "Properties": {
        "CidrBlock": "10.0.0.0/16",
        "EnableDnsHostnames": true,
        "EnableDnsSupport": true,
        "InstanceTenancy": "default",
        "Tags": [
          {
            "Key": "Name",
            "Value": "test/VPCResources/VPC",
          },
        ],
      },
      "Type": "AWS::EC2::VPC",
    },
    "VPCResourcesVPCIGW0870CE93": {
      "Properties": {
        "Tags": [
          {
            "Key": "Name",
            "Value": "test/VPCResources/VPC",
          },
        ],
      },
      "Type": "AWS::EC2::InternetGateway",
    },
    "VPCResourcesVPCServerPublicSubnet1DefaultRoute5FFEFA2B": {
      "DependsOn": [
        "VPCResourcesVPCVPCGW8CE4D94B",
      ],
      "Properties": {
        "DestinationCidrBlock": "0.0.0.0/0",
        "GatewayId": {
          "Ref": "VPCResourcesVPCIGW0870CE93",
        },
        "RouteTableId": {
          "Ref": "VPCResourcesVPCServerPublicSubnet1RouteTableF876F433",
        },
      },
      "Type": "AWS::EC2::Route",
    },
    "VPCResourcesVPCServerPublicSubnet1RouteTableAssociation739BF4B9": {
      "Properties": {
        "RouteTableId": {
          "Ref": "VPCResourcesVPCServerPublicSubnet1RouteTableF876F433",
        },
        "SubnetId": {
          "Ref": "VPCResourcesVPCServerPublicSubnet1SubnetBD1933BB",
        },
      },
      "Type": "AWS::EC2::SubnetRouteTableAssociation",
    },
    "VPCResourcesVPCServerPublicSubnet1RouteTableF876F433": {
      "Properties": {
        "Tags": [
          {
            "Key": "Name",
            "Value": "test/VPCResources/VPC/ServerPublicSubnet1",
          },
        ],
        "VpcId": {
          "Ref": "VPCResourcesVPC89517325",
        },
      },
      "Type": "AWS::EC2::RouteTable",
    },
    "VPCResourcesVPCServerPublicSubnet1SubnetBD1933BB": {
      "Properties": {
        "AvailabilityZone": {
          "Fn::Select": [
            0,
            {
              "Fn::GetAZs": "",
            },
          ],
        },
        "CidrBlock": "10.0.0.0/24",
        "MapPublicIpOnLaunch": true,
        "Tags": [
          {
            "Key": "aws-cdk:subnet-name",
            "Value": "ServerPublic",
          },
          {
            "Key": "aws-cdk:subnet-type",
            "Value": "Public",
          },
          {
            "Key": "Name",
            "Value": "test/VPCResources/VPC/ServerPublicSubnet1",
          },
        ],
        "VpcId": {
          "Ref": "VPCResourcesVPC89517325",
        },
      },
      "Type": "AWS::EC2::Subnet",
    },
    "VPCResourcesVPCServerPublicSubnet2DefaultRoute3DFFC6FB": {
      "DependsOn": [
        "VPCResourcesVPCVPCGW8CE4D94B",
      ],
      "Properties": {
        "DestinationCidrBlock": "0.0.0.0/0",
        "GatewayId": {
          "Ref": "VPCResourcesVPCIGW0870CE93",
        },
        "RouteTableId": {
          "Ref": "VPCResourcesVPCServerPublicSubnet2RouteTable4049D21F",
        },
      },
      "Type": "AWS::EC2::Route",
    },
    "VPCResourcesVPCServerPublicSubnet2RouteTable4049D21F": {
      "Properties": {
        "Tags": [
          {
            "Key": "Name",
            "Value": "test/VPCResources/VPC/ServerPublicSubnet2",
          },
        ],
        "VpcId": {
          "Ref": "VPCResourcesVPC89517325",
        },
      },
      "Type": "AWS::EC2::RouteTable",
    },
    "VPCResourcesVPCServerPublicSubnet2RouteTableAssociation98A1D7C3": {
      "Properties": {
        "RouteTableId": {
          "Ref": "VPCResourcesVPCServerPublicSubnet2RouteTable4049D21F",
        },
        "SubnetId": {
          "Ref": "VPCResourcesVPCServerPublicSubnet2Subnet87CFAE90",
        },
      },
      "Type": "AWS::EC2::SubnetRouteTableAssociation",
    },
    "VPCResourcesVPCServerPublicSubnet2Subnet87CFAE90": {
      "Properties": {
        "AvailabilityZone": {
          "Fn::Select": [
            1,
            {
              "Fn::GetAZs": "",
            },
          ],
        },
        "CidrBlock": "10.0.1.0/24",
        "MapPublicIpOnLaunch": true,
        "Tags": [
          {
            "Key": "aws-cdk:subnet-name",
            "Value": "ServerPublic",
          },
          {
            "Key": "aws-cdk:subnet-type",
            "Value": "Public",
          },
          {
            "Key": "Name",
            "Value": "test/VPCResources/VPC/ServerPublicSubnet2",
          },
        ],
        "VpcId": {
          "Ref": "VPCResourcesVPC89517325",
        },
      },
      "Type": "AWS::EC2::Subnet",
    },
    "VPCResourcesVPCVPCGW8CE4D94B": {
      "Properties": {
        "InternetGatewayId": {
          "Ref": "VPCResourcesVPCIGW0870CE93",
        },
        "VpcId": {
          "Ref": "VPCResourcesVPC89517325",
        },
      },
      "Type": "AWS::EC2::VPCGatewayAttachment",
    },
    "VPCResourcesserverEipA9C87125": {
      "Type": "AWS::EC2::EIP",
    },
    "apiGatewayResourceseventSourceMapping96A1724F": {
      "Properties": {
        "EventSourceArn": {
          "Fn::GetAtt": [
            "KinesisResourceskinesisDataStream0EF13F28",
            "Arn",
          ],
        },
        "FunctionName": {
          "Ref": "apiGatewayResourceskdsConsumerLambda91BF4D1C",
        },
        "StartingPosition": "LATEST",
      },
      "Type": "AWS::Lambda::EventSourceMapping",
    },
    "apiGatewayResourceskdsConsumerLambda91BF4D1C": {
      "DependsOn": [
        "apiGatewayResourceskdsConsumerRoleDefaultPolicyAA587B7C",
        "apiGatewayResourceskdsConsumerRole6D772435",
      ],
      "Properties": {
        "Architectures": [
          "arm64",
        ],
        "Code": {
          "S3Bucket": {
            "Fn::Sub": "cdk-hnb659fds-assets-\${AWS::AccountId}-\${AWS::Region}",
          },
          "S3Key": "0e584a3cdf30b61e29fca21d0e95128f87bb66423b63148d91881ed80e1c6651.zip",
        },
        "Environment": {
          "Variables": {
            "API_GATEWAY_ENDPOINT": {
              "Fn::Join": [
                "",
                [
                  "https://",
                  {
                    "Ref": "apiGatewayResourceswebSocketApi8624DD60",
                  },
                  ".execute-api.",
                  {
                    "Ref": "AWS::Region",
                  },
                  ".amazonaws.com/dev",
                ],
              ],
            },
            "AWS_NODEJS_CONNECTION_REUSE_ENABLED": "1",
            "CONNECTION_TABLE": {
              "Ref": "DatabaseResourcesconnectionTable4B78CE15",
            },
            "LOG_LEVEL": "INFO",
            "STREAM_NAME": {
              "Ref": "KinesisResourceskinesisDataStream0EF13F28",
            },
            "TRANSCRIBE_TABLE": {
              "Ref": "DatabaseResourcescallTableC5E68922",
            },
          },
        },
        "Handler": "index.handler",
        "Role": {
          "Fn::GetAtt": [
            "apiGatewayResourceskdsConsumerRole6D772435",
            "Arn",
          ],
        },
        "Runtime": "nodejs18.x",
        "Timeout": 60,
      },
      "Type": "AWS::Lambda::Function",
    },
    "apiGatewayResourceskdsConsumerRole6D772435": {
      "Properties": {
        "AssumeRolePolicyDocument": {
          "Statement": [
            {
              "Action": "sts:AssumeRole",
              "Effect": "Allow",
              "Principal": {
                "Service": "lambda.amazonaws.com",
              },
            },
          ],
          "Version": "2012-10-17",
        },
        "ManagedPolicyArns": [
          {
            "Fn::Join": [
              "",
              [
                "arn:",
                {
                  "Ref": "AWS::Partition",
                },
                ":iam::aws:policy/service-role/AWSLambdaBasicExecutionRole",
              ],
            ],
          },
        ],
      },
      "Type": "AWS::IAM::Role",
    },
    "apiGatewayResourceskdsConsumerRoleDefaultPolicyAA587B7C": {
      "Properties": {
        "PolicyDocument": {
          "Statement": [
            {
              "Action": [
                "dynamodb:BatchGetItem",
                "dynamodb:GetRecords",
                "dynamodb:GetShardIterator",
                "dynamodb:Query",
                "dynamodb:GetItem",
                "dynamodb:Scan",
                "dynamodb:ConditionCheckItem",
                "dynamodb:BatchWriteItem",
                "dynamodb:PutItem",
                "dynamodb:UpdateItem",
                "dynamodb:DeleteItem",
                "dynamodb:DescribeTable",
              ],
              "Effect": "Allow",
              "Resource": [
                {
                  "Fn::GetAtt": [
                    "DatabaseResourcescallTableC5E68922",
                    "Arn",
                  ],
                },
                {
                  "Ref": "AWS::NoValue",
                },
              ],
            },
            {
              "Action": [
                "dynamodb:BatchGetItem",
                "dynamodb:GetRecords",
                "dynamodb:GetShardIterator",
                "dynamodb:Query",
                "dynamodb:GetItem",
                "dynamodb:Scan",
                "dynamodb:ConditionCheckItem",
                "dynamodb:BatchWriteItem",
                "dynamodb:PutItem",
                "dynamodb:UpdateItem",
                "dynamodb:DeleteItem",
                "dynamodb:DescribeTable",
              ],
              "Effect": "Allow",
              "Resource": [
                {
                  "Fn::GetAtt": [
                    "DatabaseResourcesconnectionTable4B78CE15",
                    "Arn",
                  ],
                },
                {
                  "Ref": "AWS::NoValue",
                },
              ],
            },
            {
              "Action": [
                "kinesis:DescribeStreamSummary",
                "kinesis:GetRecords",
                "kinesis:GetShardIterator",
                "kinesis:ListShards",
                "kinesis:SubscribeToShard",
                "kinesis:DescribeStream",
                "kinesis:ListStreams",
                "kinesis:DescribeStreamConsumer",
                "kinesis:PutRecord",
                "kinesis:PutRecords",
              ],
              "Effect": "Allow",
              "Resource": {
                "Fn::GetAtt": [
                  "KinesisResourceskinesisDataStream0EF13F28",
                  "Arn",
                ],
              },
            },
            {
              "Action": "execute-api:ManageConnections",
              "Effect": "Allow",
              "Resource": {
                "Fn::Join": [
                  "",
                  [
                    "arn:",
                    {
                      "Ref": "AWS::Partition",
                    },
                    ":execute-api:",
                    {
                      "Ref": "AWS::Region",
                    },
                    ":",
                    {
                      "Ref": "AWS::AccountId",
                    },
                    ":",
                    {
                      "Ref": "apiGatewayResourceswebSocketApi8624DD60",
                    },
                    "/dev/*/@connections/*",
                  ],
                ],
              },
            },
            {
              "Action": "execute-api:ManageConnections",
              "Effect": "Allow",
              "Resource": {
                "Fn::Join": [
                  "",
                  [
                    "arn:",
                    {
                      "Ref": "AWS::Partition",
                    },
                    ":execute-api:",
                    {
                      "Ref": "AWS::Region",
                    },
                    ":",
                    {
                      "Ref": "AWS::AccountId",
                    },
                    ":",
                    {
                      "Ref": "apiGatewayResourceswebSocketApi8624DD60",
                    },
                    "/*/*/@connections/*",
                  ],
                ],
              },
            },
          ],
          "Version": "2012-10-17",
        },
        "PolicyName": "apiGatewayResourceskdsConsumerRoleDefaultPolicyAA587B7C",
        "Roles": [
          {
            "Ref": "apiGatewayResourceskdsConsumerRole6D772435",
          },
        ],
      },
      "Type": "AWS::IAM::Policy",
    },
    "apiGatewayResourceswebSocketApi8624DD60": {
      "Properties": {
        "Name": "summarizerWebSocketApi",
        "ProtocolType": "WEBSOCKET",
        "RouteSelectionExpression": "$request.body.action",
      },
      "Type": "AWS::ApiGatewayV2::Api",
    },
    "apiGatewayResourceswebSocketApiconnectRoute9EBA9016": {
      "Properties": {
        "ApiId": {
          "Ref": "apiGatewayResourceswebSocketApi8624DD60",
        },
        "AuthorizationType": "NONE",
        "RouteKey": "$connect",
        "Target": {
          "Fn::Join": [
            "",
            [
              "integrations/",
              {
                "Ref": "apiGatewayResourceswebSocketApiconnectRouteConnectIntegration5F5D7C01",
              },
            ],
          ],
        },
      },
      "Type": "AWS::ApiGatewayV2::Route",
    },
    "apiGatewayResourceswebSocketApiconnectRouteConnectIntegration5F5D7C01": {
      "Properties": {
        "ApiId": {
          "Ref": "apiGatewayResourceswebSocketApi8624DD60",
        },
        "IntegrationType": "AWS_PROXY",
        "IntegrationUri": {
          "Fn::Join": [
            "",
            [
              "arn:",
              {
                "Ref": "AWS::Partition",
              },
              ":apigateway:",
              {
                "Ref": "AWS::Region",
              },
              ":lambda:path/2015-03-31/functions/",
              {
                "Fn::GetAtt": [
                  "apiGatewayResourceskdsConsumerLambda91BF4D1C",
                  "Arn",
                ],
              },
              "/invocations",
            ],
          ],
        },
      },
      "Type": "AWS::ApiGatewayV2::Integration",
    },
    "apiGatewayResourceswebSocketApiconnectRouteConnectIntegrationPermission5F1CB3E3": {
      "Properties": {
        "Action": "lambda:InvokeFunction",
        "FunctionName": {
          "Fn::GetAtt": [
            "apiGatewayResourceskdsConsumerLambda91BF4D1C",
            "Arn",
          ],
        },
        "Principal": "apigateway.amazonaws.com",
        "SourceArn": {
          "Fn::Join": [
            "",
            [
              "arn:",
              {
                "Ref": "AWS::Partition",
              },
              ":execute-api:",
              {
                "Ref": "AWS::Region",
              },
              ":",
              {
                "Ref": "AWS::AccountId",
              },
              ":",
              {
                "Ref": "apiGatewayResourceswebSocketApi8624DD60",
              },
              "/*$connect",
            ],
          ],
        },
      },
      "Type": "AWS::Lambda::Permission",
    },
    "apiGatewayResourceswebSocketApidefaultRouteDefaultIntegration14F3A36D": {
      "Properties": {
        "ApiId": {
          "Ref": "apiGatewayResourceswebSocketApi8624DD60",
        },
        "IntegrationType": "AWS_PROXY",
        "IntegrationUri": {
          "Fn::Join": [
            "",
            [
              "arn:",
              {
                "Ref": "AWS::Partition",
              },
              ":apigateway:",
              {
                "Ref": "AWS::Region",
              },
              ":lambda:path/2015-03-31/functions/",
              {
                "Fn::GetAtt": [
                  "apiGatewayResourceskdsConsumerLambda91BF4D1C",
                  "Arn",
                ],
              },
              "/invocations",
            ],
          ],
        },
      },
      "Type": "AWS::ApiGatewayV2::Integration",
    },
    "apiGatewayResourceswebSocketApidefaultRouteDefaultIntegrationPermission9F2B159C": {
      "Properties": {
        "Action": "lambda:InvokeFunction",
        "FunctionName": {
          "Fn::GetAtt": [
            "apiGatewayResourceskdsConsumerLambda91BF4D1C",
            "Arn",
          ],
        },
        "Principal": "apigateway.amazonaws.com",
        "SourceArn": {
          "Fn::Join": [
            "",
            [
              "arn:",
              {
                "Ref": "AWS::Partition",
              },
              ":execute-api:",
              {
                "Ref": "AWS::Region",
              },
              ":",
              {
                "Ref": "AWS::AccountId",
              },
              ":",
              {
                "Ref": "apiGatewayResourceswebSocketApi8624DD60",
              },
              "/*$default",
            ],
          ],
        },
      },
      "Type": "AWS::Lambda::Permission",
    },
    "apiGatewayResourceswebSocketApidefaultRouteF6283379": {
      "Properties": {
        "ApiId": {
          "Ref": "apiGatewayResourceswebSocketApi8624DD60",
        },
        "AuthorizationType": "NONE",
        "RouteKey": "$default",
        "Target": {
          "Fn::Join": [
            "",
            [
              "integrations/",
              {
                "Ref": "apiGatewayResourceswebSocketApidefaultRouteDefaultIntegration14F3A36D",
              },
            ],
          ],
        },
      },
      "Type": "AWS::ApiGatewayV2::Route",
    },
    "apiGatewayResourceswebSocketApidisconnectRoute3F7E1B83": {
      "Properties": {
        "ApiId": {
          "Ref": "apiGatewayResourceswebSocketApi8624DD60",
        },
        "AuthorizationType": "NONE",
        "RouteKey": "$disconnect",
        "Target": {
          "Fn::Join": [
            "",
            [
              "integrations/",
              {
                "Ref": "apiGatewayResourceswebSocketApidisconnectRouteDisconnectIntegration832C014D",
              },
            ],
          ],
        },
      },
      "Type": "AWS::ApiGatewayV2::Route",
    },
    "apiGatewayResourceswebSocketApidisconnectRouteDisconnectIntegration832C014D": {
      "Properties": {
        "ApiId": {
          "Ref": "apiGatewayResourceswebSocketApi8624DD60",
        },
        "IntegrationType": "AWS_PROXY",
        "IntegrationUri": {
          "Fn::Join": [
            "",
            [
              "arn:",
              {
                "Ref": "AWS::Partition",
              },
              ":apigateway:",
              {
                "Ref": "AWS::Region",
              },
              ":lambda:path/2015-03-31/functions/",
              {
                "Fn::GetAtt": [
                  "apiGatewayResourceskdsConsumerLambda91BF4D1C",
                  "Arn",
                ],
              },
              "/invocations",
            ],
          ],
        },
      },
      "Type": "AWS::ApiGatewayV2::Integration",
    },
    "apiGatewayResourceswebSocketApidisconnectRouteDisconnectIntegrationPermissionBD3321D1": {
      "Properties": {
        "Action": "lambda:InvokeFunction",
        "FunctionName": {
          "Fn::GetAtt": [
            "apiGatewayResourceskdsConsumerLambda91BF4D1C",
            "Arn",
          ],
        },
        "Principal": "apigateway.amazonaws.com",
        "SourceArn": {
          "Fn::Join": [
            "",
            [
              "arn:",
              {
                "Ref": "AWS::Partition",
              },
              ":execute-api:",
              {
                "Ref": "AWS::Region",
              },
              ":",
              {
                "Ref": "AWS::AccountId",
              },
              ":",
              {
                "Ref": "apiGatewayResourceswebSocketApi8624DD60",
              },
              "/*$disconnect",
            ],
          ],
        },
      },
      "Type": "AWS::Lambda::Permission",
    },
    "apiGatewayResourceswebSocketStage8D085EBB": {
      "Properties": {
        "ApiId": {
          "Ref": "apiGatewayResourceswebSocketApi8624DD60",
        },
        "AutoDeploy": true,
        "StageName": "dev",
      },
      "Type": "AWS::ApiGatewayV2::Stage",
    },
  },
  "Rules": {
    "CheckBootstrapVersion": {
      "Assertions": [
        {
          "Assert": {
            "Fn::Not": [
              {
                "Fn::Contains": [
                  [
                    "1",
                    "2",
                    "3",
                    "4",
                    "5",
                  ],
                  {
                    "Ref": "BootstrapVersion",
                  },
                ],
              },
            ],
          },
          "AssertDescription": "CDK bootstrap stack version 6 required. Please run 'cdk bootstrap' with a recent version of the CDK CLI.",
        },
      ],
    },
  },
}
`;
